main.c:82:5:main	24	static
main.c:152:6:SystemClock_Config	88	static
main.c:197:13:MX_TIM1_Init	56	static
main.c:247:13:MX_TIM2_Init	32	static
main.c:292:13:MX_TIM3_Init	64	static
main.c:355:13:MX_USART2_UART_Init	8	static
main.c:388:13:MX_GPIO_Init	48	static
main.c:426:7:EncoderVelocity_Update	48	static
main.c:462:6:RunMotor	8	static
main.c:490:6:PWMControl	16	static
main.c:501:6:HAL_TIM_PeriodElapsedCallback	16	static
main.c:508:10:micros	12	static
main.c:518:6:Error_Handler	4	static,ignoring_inline_asm
